../Core/Src/main.c:87:5:main	8	static
../Core/Src/main.c:139:6:SystemClock_Config	88	static
../Core/Src/main.c:185:13:MX_CRC_Init	8	static
../Core/Src/main.c:211:13:MX_DMA2D_Init	8	static
../Core/Src/main.c:248:13:MX_I2C3_Init	8	static
../Core/Src/main.c:296:13:MX_LTDC_Init	64	static
../Core/Src/main.c:358:13:MX_SPI5_Init	8	static
../Core/Src/main.c:396:13:MX_TIM1_Init	32	static
../Core/Src/main.c:442:13:MX_USART1_UART_Init	8	static
../Core/Src/main.c:471:13:MX_FMC_Init	40	static
../Core/Src/main.c:522:13:MX_GPIO_Init	64	static
../Core/Src/main.c:614:6:HAL_TIM_PeriodElapsedCallback	16	static
../Core/Src/main.c:631:6:Error_Handler	4	static,ignoring_inline_asm
